{
  "version": "1.5.0",
  "plugins_used": [
    {
      "name": "ArtifactoryDetector"
    },
    {
      "name": "AWSKeyDetector"
    },
    {
      "name": "AzureStorageKeyDetector"
    },
    {
      "name": "Base64HighEntropyString",
      "limit": 4.5
    },
    {
      "name": "BasicAuthDetector"
    },
    {
      "name": "CloudantDetector"
    },
    {
      "name": "DiscordBotTokenDetector"
    },
    {
      "name": "GitHubTokenDetector"
    },
    {
      "name": "GitLabTokenDetector"
    },
    {
      "name": "HexHighEntropyString",
      "limit": 3.0
    },
    {
      "name": "IbmCloudIamDetector"
    },
    {
      "name": "IbmCosHmacDetector"
    },
    {
      "name": "IPPublicDetector"
    },
    {
      "name": "JwtTokenDetector"
    },
    {
      "name": "KeywordDetector",
      "keyword_exclude": ""
    },
    {
      "name": "MailchimpDetector"
    },
    {
      "name": "NpmDetector"
    },
    {
      "name": "OpenAIDetector"
    },
    {
      "name": "PrivateKeyDetector"
    },
    {
      "name": "PypiTokenDetector"
    },
    {
      "name": "SendGridDetector"
    },
    {
      "name": "SlackDetector"
    },
    {
      "name": "SoftlayerDetector"
    },
    {
      "name": "SquareOAuthDetector"
    },
    {
      "name": "StripeDetector"
    },
    {
      "name": "TelegramBotTokenDetector"
    },
    {
      "name": "TwilioKeyDetector"
    }
  ],
  "filters_used": [
    {
      "path": "detect_secrets.filters.allowlist.is_line_allowlisted"
    },
    {
      "path": "detect_secrets.filters.common.is_baseline_file",
      "filename": ".secrets.baseline"
    },
    {
      "path": "detect_secrets.filters.common.is_ignored_due_to_verification_policies",
      "min_level": 2
    },
    {
      "path": "detect_secrets.filters.common.is_templated_secret"
    }
  ],
  "results": {
    ".pre-commit-config.yaml": [
      {
        "type": "Hex High Entropy String",
        "filename": ".pre-commit-config.yaml",
        "hashed_secret": "37739d5ac7970da2902e478b8f32eefffc8ae0ca",
        "is_verified": false,
        "line_number": 7,
        "is_secret": false
      },
      {
        "type": "Hex High Entropy String",
        "filename": ".pre-commit-config.yaml",
        "hashed_secret": "8fbe4b483125e2e4c71ac71e33f48f2f8da4928d",
        "is_verified": false,
        "line_number": 17,
        "is_secret": false
      },
      {
        "type": "Hex High Entropy String",
        "filename": ".pre-commit-config.yaml",
        "hashed_secret": "b6a05f7ac4f23d327f2d31064808b5f50235c5d6",
        "is_verified": false,
        "line_number": 39,
        "is_secret": false
      },
      {
        "type": "Hex High Entropy String",
        "filename": ".pre-commit-config.yaml",
        "hashed_secret": "ac46e26098ed12b06bbe651fbec618ed74cb4659",
        "is_verified": false,
        "line_number": 48,
        "is_secret": false
      },
      {
        "type": "Hex High Entropy String",
        "filename": ".pre-commit-config.yaml",
        "hashed_secret": "d701b1bb65920a43a5940d2b466dbbaa6df956fc",
        "is_verified": false,
        "line_number": 65,
        "is_secret": false
      }
    ],
    "connector_runtime/adapters/housecall_pro/housecall_pro_connector.py": [
      {
        "type": "Secret Keyword",
        "filename": "connector_runtime/adapters/housecall_pro/housecall_pro_connector.py",
        "hashed_secret": "5e25ce007aa95ea2ea8b158aee9c630a32ea5616",
        "is_verified": false,
        "line_number": 40,
        "is_secret": false
      }
    ],
    "connector_runtime/adapters/maid_central/maid_central_connector.py": [
      {
        "type": "Secret Keyword",
        "filename": "connector_runtime/adapters/maid_central/maid_central_connector.py",
        "hashed_secret": "cef935e44721eddde058014759fc1a5d0cbb7f7a",
        "is_verified": false,
        "line_number": 41,
        "is_secret": false
      }
    ],
    "connector_runtime/adapters/rest_api/rest_source_spec.py": [
      {
        "type": "Secret Keyword",
        "filename": "connector_runtime/adapters/rest_api/rest_source_spec.py",
        "hashed_secret": "6c88b2209742f1de2fc445f405d93acab79f38a2",
        "is_verified": false,
        "line_number": 32,
        "is_secret": false
      }
    ],
    "connector_runtime/credential_client.py": [
      {
        "type": "Secret Keyword",
        "filename": "connector_runtime/credential_client.py",
        "hashed_secret": "ef669ba1f8ecc1eedf0a18cbf5a9c85379d6caff",
        "is_verified": false,
        "line_number": 75,
        "is_secret": false
      }
    ],
    "connector_runtime/tests/mysql_rds/test_mysql_rds_connector.py": [
      {
        "type": "Secret Keyword",
        "filename": "connector_runtime/tests/mysql_rds/test_mysql_rds_connector.py",
        "hashed_secret": "25ab86bed149ca6ca9c1c0d5db7c9a91388ddeab",
        "is_verified": false,
        "line_number": 66,
        "is_secret": false
      }
    ],
    "connector_runtime/tests/mysql_rds/test_mysql_rds_credentials_client.py": [
      {
        "type": "Secret Keyword",
        "filename": "connector_runtime/tests/mysql_rds/test_mysql_rds_credentials_client.py",
        "hashed_secret": "0cea7fa5638fac922e2e59479955f9320c4c644b",
        "is_verified": false,
        "line_number": 30,
        "is_secret": false
      },
      {
        "type": "Secret Keyword",
        "filename": "connector_runtime/tests/mysql_rds/test_mysql_rds_credentials_client.py",
        "hashed_secret": "a1d289930298e2d868f6bbcec49c568009cd99a7",
        "is_verified": false,
        "line_number": 36,
        "is_secret": false
      }
    ],
    "connector_runtime/tests/netsuite/test_netsuite_auth_client.py": [
      {
        "type": "Secret Keyword",
        "filename": "connector_runtime/tests/netsuite/test_netsuite_auth_client.py",
        "hashed_secret": "dbf2f41fbce6499ec8f9489dd6326ccfae186f15",
        "is_verified": false,
        "line_number": 27,
        "is_secret": false
      },
      {
        "type": "Secret Keyword",
        "filename": "connector_runtime/tests/netsuite/test_netsuite_auth_client.py",
        "hashed_secret": "97df721f94b6a3bcc613257728aa4195f9ac2343",
        "is_verified": false,
        "line_number": 32,
        "is_secret": false
      },
      {
        "type": "Secret Keyword",
        "filename": "connector_runtime/tests/netsuite/test_netsuite_auth_client.py",
        "hashed_secret": "419f60c933ac8f052b843e9d193cb44409f35bcb",
        "is_verified": false,
        "line_number": 34,
        "is_secret": false
      }
    ],
    "connector_runtime/tests/netsuite/test_netsuite_connector.py": [
      {
        "type": "Secret Keyword",
        "filename": "connector_runtime/tests/netsuite/test_netsuite_connector.py",
        "hashed_secret": "dbf2f41fbce6499ec8f9489dd6326ccfae186f15",
        "is_verified": false,
        "line_number": 50,
        "is_secret": false
      },
      {
        "type": "Secret Keyword",
        "filename": "connector_runtime/tests/netsuite/test_netsuite_connector.py",
        "hashed_secret": "67f994533a5d976eed69aeae05e381bf6fa851e8",
        "is_verified": false,
        "line_number": 55,
        "is_secret": false
      },
      {
        "type": "Secret Keyword",
        "filename": "connector_runtime/tests/netsuite/test_netsuite_connector.py",
        "hashed_secret": "4402abb98f9559cbfb6d73029f928227b498069b",
        "is_verified": false,
        "line_number": 57,
        "is_secret": false
      }
    ],
    "connector_runtime/tests/sage/test_intacct_auth_client.py": [
      {
        "type": "Secret Keyword",
        "filename": "connector_runtime/tests/sage/test_intacct_auth_client.py",
        "hashed_secret": "c6074a378f5827b9b90f58db5f32dc5530179aef",
        "is_verified": false,
        "line_number": 50,
        "is_secret": false
      }
    ],
    "connector_runtime/tests/sage/test_sage_credential_provider.py": [
      {
        "type": "Secret Keyword",
        "filename": "connector_runtime/tests/sage/test_sage_credential_provider.py",
        "hashed_secret": "968c73e728bb8d01bf7e5b0e40cd943f28ce1d42",
        "is_verified": false,
        "line_number": 42,
        "is_secret": false
      }
    ],
    "connector_runtime/tests/sage/test_sage_http_client.py": [
      {
        "type": "Secret Keyword",
        "filename": "connector_runtime/tests/sage/test_sage_http_client.py",
        "hashed_secret": "a0f1490a20d0211c997b44bc357e1972deab8ae3",
        "is_verified": false,
        "line_number": 238,
        "is_secret": false
      }
    ],
    "connector_runtime/tests/sage/test_x3_auth.py": [
      {
        "type": "Secret Keyword",
        "filename": "connector_runtime/tests/sage/test_x3_auth.py",
        "hashed_secret": "7100774931c91637b11658a372d6a1af7b936483",
        "is_verified": false,
        "line_number": 55,
        "is_secret": false
      }
    ],
    "connector_runtime/tests/salesforce/test_salesforce_auth_client.py": [
      {
        "type": "Secret Keyword",
        "filename": "connector_runtime/tests/salesforce/test_salesforce_auth_client.py",
        "hashed_secret": "03f5e2d670af3e9183f3fe790785b0d41291a17d",
        "is_verified": false,
        "line_number": 35,
        "is_secret": false
      },
      {
        "type": "Secret Keyword",
        "filename": "connector_runtime/tests/salesforce/test_salesforce_auth_client.py",
        "hashed_secret": "456542a28a82e352407000137408a067511ccaa9",
        "is_verified": false,
        "line_number": 70,
        "is_secret": false
      }
    ],
    "connector_runtime/tests/test_connector_framework.py": [
      {
        "type": "Public IP (ipv4)",
        "filename": "connector_runtime/tests/test_connector_framework.py",
        "hashed_secret": "8a13b89595b7982d06ca31b66bc16a5103cb9f79",
        "is_verified": false,
        "line_number": 551,
        "is_secret": false
      },
      {
        "type": "Secret Keyword",
        "filename": "connector_runtime/tests/test_connector_framework.py",
        "hashed_secret": "0cfbd712ab1a5c57be52900cddfca0f492ea598e",
        "is_verified": false,
        "line_number": 565,
        "is_secret": false
      }
    ],
    "connector_runtime/tests/test_connector_interface.py": [
      {
        "type": "Hex High Entropy String",
        "filename": "connector_runtime/tests/test_connector_interface.py",
        "hashed_secret": "fe5567e8d769550852182cdf69d74bb16dff8e29",
        "is_verified": false,
        "line_number": 119,
        "is_secret": false
      }
    ],
    "connector_runtime/tests/test_rest_api_substrate.py": [
      {
        "type": "Secret Keyword",
        "filename": "connector_runtime/tests/test_rest_api_substrate.py",
        "hashed_secret": "cef935e44721eddde058014759fc1a5d0cbb7f7a",
        "is_verified": false,
        "line_number": 231,
        "is_secret": false
      },
      {
        "type": "Secret Keyword",
        "filename": "connector_runtime/tests/test_rest_api_substrate.py",
        "hashed_secret": "13fbd79c3d390e5d6585a21e11ff5ec1970cff0c",
        "is_verified": false,
        "line_number": 233,
        "is_secret": false
      },
      {
        "type": "Secret Keyword",
        "filename": "connector_runtime/tests/test_rest_api_substrate.py",
        "hashed_secret": "516b9783fca517eecbd1d064da2d165310b19759",
        "is_verified": false,
        "line_number": 240,
        "is_secret": false
      }
    ],
    "connector_runtime/tests/test_webhook_receiver_handler.py": [
      {
        "type": "Secret Keyword",
        "filename": "connector_runtime/tests/test_webhook_receiver_handler.py",
        "hashed_secret": "c117cc0853f0e6d59d4a76a86f633f6c48104093",
        "is_verified": false,
        "line_number": 29,
        "is_secret": false
      },
      {
        "type": "Secret Keyword",
        "filename": "connector_runtime/tests/test_webhook_receiver_handler.py",
        "hashed_secret": "f8a8e4a4a474a7a72cd7184c8ef5e1ddd8abe9d9",
        "is_verified": false,
        "line_number": 216,
        "is_secret": false
      },
      {
        "type": "Secret Keyword",
        "filename": "connector_runtime/tests/test_webhook_receiver_handler.py",
        "hashed_secret": "11f6ad8ec52a2984abaafd7c3b516503785c2072",
        "is_verified": false,
        "line_number": 237,
        "is_secret": false
      },
      {
        "type": "Secret Keyword",
        "filename": "connector_runtime/tests/test_webhook_receiver_handler.py",
        "hashed_secret": "8b84b97dbc72cb5ccb8635668de91c8d8eed1030",
        "is_verified": false,
        "line_number": 302,
        "is_secret": false
      }
    ],
    "contracts/platform_metrics.py": [
      {
        "type": "Secret Keyword",
        "filename": "contracts/platform_metrics.py",
        "hashed_secret": "0219f1717555d42eddebacc4a0baf16cedd8afad",
        "is_verified": false,
        "line_number": 111,
        "is_secret": false
      }
    ],
    "contracts/tests/test_observability_contract.py": [
      {
        "type": "AWS Access Key",
        "filename": "contracts/tests/test_observability_contract.py",
        "hashed_secret": "25910f981e85ca04baf359199dd0bd4a3ae738b6",
        "is_verified": false,
        "line_number": 42,
        "is_secret": false
      }
    ],
    "contracts/tests/test_serving_store_config_contract.py": [
      {
        "type": "Secret Keyword",
        "filename": "contracts/tests/test_serving_store_config_contract.py",
        "hashed_secret": "df1ca773c4214e2e09ba0c714f099876b58b11ab",
        "is_verified": false,
        "line_number": 17,
        "is_secret": false
      }
    ],
    "docs/DEPLOYMENT_GUIDE.html": [
      {
        "type": "Public IP (ipv4)",
        "filename": "docs/DEPLOYMENT_GUIDE.html",
        "hashed_secret": "09c35807ba47a82592ef88e5d6304ea699b8cbe2",
        "is_verified": false,
        "line_number": 243,
        "is_secret": false
      },
      {
        "type": "Public IP (ipv4)",
        "filename": "docs/DEPLOYMENT_GUIDE.html",
        "hashed_secret": "3bc5cb77ab521bf7dd79789cad7c2c6fa8b74cf3",
        "is_verified": false,
        "line_number": 243,
        "is_secret": false
      },
      {
        "type": "Public IP (ipv4)",
        "filename": "docs/DEPLOYMENT_GUIDE.html",
        "hashed_secret": "62fb9f454b831106ca8dd9af69cce1e2663e7647",
        "is_verified": false,
        "line_number": 243,
        "is_secret": false
      },
      {
        "type": "Secret Keyword",
        "filename": "docs/DEPLOYMENT_GUIDE.html",
        "hashed_secret": "ada98cdc6ac822db860e02deb6806b19aaf238e0",
        "is_verified": false,
        "line_number": 758,
        "is_secret": false
      },
      {
        "type": "Secret Keyword",
        "filename": "docs/DEPLOYMENT_GUIDE.html",
        "hashed_secret": "79c89c55f7a4c715ac3bff5c46f6eca580f3baf8",
        "is_verified": false,
        "line_number": 771,
        "is_secret": false
      },
      {
        "type": "Secret Keyword",
        "filename": "docs/DEPLOYMENT_GUIDE.html",
        "hashed_secret": "096d0095e2e04e7d9d60360230a5b0ee4ec96812",
        "is_verified": false,
        "line_number": 773,
        "is_secret": false
      },
      {
        "type": "Secret Keyword",
        "filename": "docs/DEPLOYMENT_GUIDE.html",
        "hashed_secret": "186fdeef6b6aa08cebb02e12d6ddae913a0f82ed",
        "is_verified": false,
        "line_number": 787,
        "is_secret": false
      },
      {
        "type": "Secret Keyword",
        "filename": "docs/DEPLOYMENT_GUIDE.html",
        "hashed_secret": "b762d23bd75b401240b50f401557689d08595992",
        "is_verified": false,
        "line_number": 801,
        "is_secret": false
      },
      {
        "type": "Secret Keyword",
        "filename": "docs/DEPLOYMENT_GUIDE.html",
        "hashed_secret": "ae4dafea2fad8284914a4bbc94dae200cae04ea4",
        "is_verified": false,
        "line_number": 815,
        "is_secret": false
      }
    ],
    "docs/DEPLOYMENT_GUIDE.md": [
      {
        "type": "Public IP (ipv4)",
        "filename": "docs/DEPLOYMENT_GUIDE.md",
        "hashed_secret": "09c35807ba47a82592ef88e5d6304ea699b8cbe2",
        "is_verified": false,
        "line_number": 226,
        "is_secret": false
      },
      {
        "type": "Public IP (ipv4)",
        "filename": "docs/DEPLOYMENT_GUIDE.md",
        "hashed_secret": "3bc5cb77ab521bf7dd79789cad7c2c6fa8b74cf3",
        "is_verified": false,
        "line_number": 226,
        "is_secret": false
      },
      {
        "type": "Public IP (ipv4)",
        "filename": "docs/DEPLOYMENT_GUIDE.md",
        "hashed_secret": "62fb9f454b831106ca8dd9af69cce1e2663e7647",
        "is_verified": false,
        "line_number": 226,
        "is_secret": false
      },
      {
        "type": "Secret Keyword",
        "filename": "docs/DEPLOYMENT_GUIDE.md",
        "hashed_secret": "ada98cdc6ac822db860e02deb6806b19aaf238e0",
        "is_verified": false,
        "line_number": 767,
        "is_secret": false
      },
      {
        "type": "Secret Keyword",
        "filename": "docs/DEPLOYMENT_GUIDE.md",
        "hashed_secret": "79c89c55f7a4c715ac3bff5c46f6eca580f3baf8",
        "is_verified": false,
        "line_number": 781,
        "is_secret": false
      },
      {
        "type": "Secret Keyword",
        "filename": "docs/DEPLOYMENT_GUIDE.md",
        "hashed_secret": "096d0095e2e04e7d9d60360230a5b0ee4ec96812",
        "is_verified": false,
        "line_number": 783,
        "is_secret": false
      },
      {
        "type": "Secret Keyword",
        "filename": "docs/DEPLOYMENT_GUIDE.md",
        "hashed_secret": "186fdeef6b6aa08cebb02e12d6ddae913a0f82ed",
        "is_verified": false,
        "line_number": 798,
        "is_secret": false
      },
      {
        "type": "Secret Keyword",
        "filename": "docs/DEPLOYMENT_GUIDE.md",
        "hashed_secret": "b762d23bd75b401240b50f401557689d08595992",
        "is_verified": false,
        "line_number": 813,
        "is_secret": false
      },
      {
        "type": "Secret Keyword",
        "filename": "docs/DEPLOYMENT_GUIDE.md",
        "hashed_secret": "ae4dafea2fad8284914a4bbc94dae200cae04ea4",
        "is_verified": false,
        "line_number": 828,
        "is_secret": false
      }
    ],
    "docs/DEVELOPER_GUIDE.html": [
      {
        "type": "Public IP (ipv4)",
        "filename": "docs/DEVELOPER_GUIDE.html",
        "hashed_secret": "dddbf5660887a57af61485baf62467d76182451f",
        "is_verified": false,
        "line_number": 687,
        "is_secret": false
      }
    ],
    "docs/DEVELOPER_GUIDE.md": [
      {
        "type": "Public IP (ipv4)",
        "filename": "docs/DEVELOPER_GUIDE.md",
        "hashed_secret": "dddbf5660887a57af61485baf62467d76182451f",
        "is_verified": false,
        "line_number": 734,
        "is_secret": false
      }
    ],
    "docs/PLATFORM_STATUS.html": [
      {
        "type": "Public IP (ipv4)",
        "filename": "docs/PLATFORM_STATUS.html",
        "hashed_secret": "94c5a5b2c6b08aa6fed29270d6762ba354ecad31",
        "is_verified": false,
        "line_number": 211,
        "is_secret": false
      }
    ],
    "docs/PLATFORM_STATUS.md": [
      {
        "type": "Public IP (ipv4)",
        "filename": "docs/PLATFORM_STATUS.md",
        "hashed_secret": "94c5a5b2c6b08aa6fed29270d6762ba354ecad31",
        "is_verified": false,
        "line_number": 257,
        "is_secret": false
      }
    ],
    "docs/PRODUCTION_INCIDENT_RUNBOOK.md": [
      {
        "type": "Secret Keyword",
        "filename": "docs/PRODUCTION_INCIDENT_RUNBOOK.md",
        "hashed_secret": "fae01501660713c73198c342801557865b88990f",
        "is_verified": false,
        "line_number": 124,
        "is_secret": false
      }
    ],
    "infrastructure/environments/dev/terraform.tfvars": [
      {
        "type": "Base64 High Entropy String",
        "filename": "infrastructure/environments/dev/terraform.tfvars",
        "hashed_secret": "2d356c9fbd65af1047b95ed7e05657bb479d7b7b",
        "is_verified": false,
        "line_number": 14,
        "is_secret": false
      }
    ],
    "infrastructure/modules/analytics_publisher_lambda/main.tf": [
      {
        "type": "Public IP (ipv4)",
        "filename": "infrastructure/modules/analytics_publisher_lambda/main.tf",
        "hashed_secret": "e562f69ec36e625116376f376d991e41613e9bf3",
        "is_verified": false,
        "line_number": 64,
        "is_secret": false
      }
    ],
    "infrastructure/modules/control_plane/main.tf": [
      {
        "type": "Public IP (ipv4)",
        "filename": "infrastructure/modules/control_plane/main.tf",
        "hashed_secret": "e562f69ec36e625116376f376d991e41613e9bf3",
        "is_verified": false,
        "line_number": 330,
        "is_secret": false
      }
    ],
    "infrastructure/modules/entity_resolution_lambda/main.tf": [
      {
        "type": "Public IP (ipv4)",
        "filename": "infrastructure/modules/entity_resolution_lambda/main.tf",
        "hashed_secret": "e562f69ec36e625116376f376d991e41613e9bf3",
        "is_verified": false,
        "line_number": 65,
        "is_secret": false
      }
    ],
    "infrastructure/modules/lambda_pipeline/main.tf": [
      {
        "type": "Public IP (ipv4)",
        "filename": "infrastructure/modules/lambda_pipeline/main.tf",
        "hashed_secret": "e562f69ec36e625116376f376d991e41613e9bf3",
        "is_verified": false,
        "line_number": 66,
        "is_secret": false
      }
    ],
    "infrastructure/modules/networking/main.tf": [
      {
        "type": "Public IP (ipv4)",
        "filename": "infrastructure/modules/networking/main.tf",
        "hashed_secret": "e562f69ec36e625116376f376d991e41613e9bf3",
        "is_verified": false,
        "line_number": 133,
        "is_secret": false
      }
    ],
    "infrastructure/modules/orchestration/main.tf": [
      {
        "type": "Public IP (ipv4)",
        "filename": "infrastructure/modules/orchestration/main.tf",
        "hashed_secret": "e562f69ec36e625116376f376d991e41613e9bf3",
        "is_verified": false,
        "line_number": 933,
        "is_secret": false
      }
    ],
    "infrastructure/modules/platform_lambdas/main.tf": [
      {
        "type": "Public IP (ipv4)",
        "filename": "infrastructure/modules/platform_lambdas/main.tf",
        "hashed_secret": "e562f69ec36e625116376f376d991e41613e9bf3",
        "is_verified": false,
        "line_number": 296,
        "is_secret": false
      }
    ],
    "infrastructure/modules/secrets/main.tf": [
      {
        "type": "Public IP (ipv4)",
        "filename": "infrastructure/modules/secrets/main.tf",
        "hashed_secret": "e562f69ec36e625116376f376d991e41613e9bf3",
        "is_verified": false,
        "line_number": 370,
        "is_secret": false
      }
    ],
    "infrastructure/modules/serving_store_lambda/main.tf": [
      {
        "type": "Public IP (ipv4)",
        "filename": "infrastructure/modules/serving_store_lambda/main.tf",
        "hashed_secret": "e562f69ec36e625116376f376d991e41613e9bf3",
        "is_verified": false,
        "line_number": 61,
        "is_secret": false
      }
    ],
    "infrastructure/modules/transformation_lambda/main.tf": [
      {
        "type": "Public IP (ipv4)",
        "filename": "infrastructure/modules/transformation_lambda/main.tf",
        "hashed_secret": "e562f69ec36e625116376f376d991e41613e9bf3",
        "is_verified": false,
        "line_number": 67,
        "is_secret": false
      }
    ],
    "infrastructure/modules/twin_build_lambda/main.tf": [
      {
        "type": "Public IP (ipv4)",
        "filename": "infrastructure/modules/twin_build_lambda/main.tf",
        "hashed_secret": "e562f69ec36e625116376f376d991e41613e9bf3",
        "is_verified": false,
        "line_number": 145,
        "is_secret": false
      }
    ],
    "orchestration/tests/test_extraction_workflow.py": [
      {
        "type": "Hex High Entropy String",
        "filename": "orchestration/tests/test_extraction_workflow.py",
        "hashed_secret": "90bd1b48e958257948487b90bee080ba5ed00caa",
        "is_verified": false,
        "line_number": 65,
        "is_secret": false
      }
    ],
    "portability/deletion_workflow.py": [
      {
        "type": "Secret Keyword",
        "filename": "portability/deletion_workflow.py",
        "hashed_secret": "7e1fc91bbe7084b72b3113d8897ccea95f10c92a",
        "is_verified": false,
        "line_number": 57,
        "is_secret": false
      }
    ],
    "pptx/theme.py": [
      {
        "type": "Hex High Entropy String",
        "filename": "pptx/theme.py",
        "hashed_secret": "5b3e420b44e4ba7cb72b4c4f981873d29240b777",
        "is_verified": false,
        "line_number": 77,
        "is_secret": false
      }
    ],
    "schema_management/tests/test_snapshot_repository.py": [
      {
        "type": "Hex High Entropy String",
        "filename": "schema_management/tests/test_snapshot_repository.py",
        "hashed_secret": "90bd1b48e958257948487b90bee080ba5ed00caa",
        "is_verified": false,
        "line_number": 35,
        "is_secret": false
      }
    ],
    "scripts/check_prohibited_identifiers.py": [
      {
        "type": "Secret Keyword",
        "filename": "scripts/check_prohibited_identifiers.py",
        "hashed_secret": "1a8565a9dc72048ba03b4156be3e569f22771f23",
        "is_verified": false,
        "line_number": 69,
        "is_secret": false
      }
    ],
    "serving_store/tests/test_mysql_rds_loader.py": [
      {
        "type": "Secret Keyword",
        "filename": "serving_store/tests/test_mysql_rds_loader.py",
        "hashed_secret": "20f79ae615ad3b8143e32de47b5d6bff78dd4d3e",
        "is_verified": false,
        "line_number": 16,
        "is_secret": false
      },
      {
        "type": "Secret Keyword",
        "filename": "serving_store/tests/test_mysql_rds_loader.py",
        "hashed_secret": "745d0b2380e21353d526db47a87158f2065563ee",
        "is_verified": false,
        "line_number": 28,
        "is_secret": false
      },
      {
        "type": "Secret Keyword",
        "filename": "serving_store/tests/test_mysql_rds_loader.py",
        "hashed_secret": "0ac0aee6bcb337ab7141fc9d61599e29d7737431",
        "is_verified": false,
        "line_number": 51,
        "is_secret": false
      },
      {
        "type": "Secret Keyword",
        "filename": "serving_store/tests/test_mysql_rds_loader.py",
        "hashed_secret": "8b9e80a331c015b5d4b8e474e4f6fd40bcd15ca1",
        "is_verified": false,
        "line_number": 183,
        "is_secret": false
      },
      {
        "type": "Hex High Entropy String",
        "filename": "serving_store/tests/test_mysql_rds_loader.py",
        "hashed_secret": "fe5567e8d769550852182cdf69d74bb16dff8e29",
        "is_verified": false,
        "line_number": 187,
        "is_secret": false
      }
    ],
    "serving_store/tests/test_postgresql_loader.py": [
      {
        "type": "Secret Keyword",
        "filename": "serving_store/tests/test_postgresql_loader.py",
        "hashed_secret": "20f79ae615ad3b8143e32de47b5d6bff78dd4d3e",
        "is_verified": false,
        "line_number": 16,
        "is_secret": false
      },
      {
        "type": "Secret Keyword",
        "filename": "serving_store/tests/test_postgresql_loader.py",
        "hashed_secret": "745d0b2380e21353d526db47a87158f2065563ee",
        "is_verified": false,
        "line_number": 28,
        "is_secret": false
      }
    ],
    "serving_store/tests/test_redshift_loader.py": [
      {
        "type": "Secret Keyword",
        "filename": "serving_store/tests/test_redshift_loader.py",
        "hashed_secret": "8d5b5501c1a24bc2e61301117f88f87b2125a278",
        "is_verified": false,
        "line_number": 23,
        "is_secret": false
      }
    ],
    "serving_store/tests/test_registry.py": [
      {
        "type": "Secret Keyword",
        "filename": "serving_store/tests/test_registry.py",
        "hashed_secret": "818aa2c6222e1983036d3c1b07da5d5b3cca660d",
        "is_verified": false,
        "line_number": 41,
        "is_secret": false
      }
    ],
    "serving_store/tests/test_serving_layer_extensions.py": [
      {
        "type": "Secret Keyword",
        "filename": "serving_store/tests/test_serving_layer_extensions.py",
        "hashed_secret": "8ad7d21c71b049b7003ba31b5f1322974df77ac8",
        "is_verified": false,
        "line_number": 301,
        "is_secret": false
      }
    ],
    "serving_store/tests/test_serving_store_config_repository.py": [
      {
        "type": "Secret Keyword",
        "filename": "serving_store/tests/test_serving_store_config_repository.py",
        "hashed_secret": "df1ca773c4214e2e09ba0c714f099876b58b11ab",
        "is_verified": false,
        "line_number": 32,
        "is_secret": false
      }
    ],
    "serving_store/tests/test_serving_store_loader_handler.py": [
      {
        "type": "Secret Keyword",
        "filename": "serving_store/tests/test_serving_store_loader_handler.py",
        "hashed_secret": "df1ca773c4214e2e09ba0c714f099876b58b11ab",
        "is_verified": false,
        "line_number": 22,
        "is_secret": false
      }
    ],
    "serving_store/tests/test_sqlserver_loader.py": [
      {
        "type": "Secret Keyword",
        "filename": "serving_store/tests/test_sqlserver_loader.py",
        "hashed_secret": "20f79ae615ad3b8143e32de47b5d6bff78dd4d3e",
        "is_verified": false,
        "line_number": 17,
        "is_secret": false
      },
      {
        "type": "Secret Keyword",
        "filename": "serving_store/tests/test_sqlserver_loader.py",
        "hashed_secret": "745d0b2380e21353d526db47a87158f2065563ee",
        "is_verified": false,
        "line_number": 29,
        "is_secret": false
      }
    ],
    "tests/test_tenant_isolation.py": [
      {
        "type": "Secret Keyword",
        "filename": "tests/test_tenant_isolation.py",
        "hashed_secret": "df1ca773c4214e2e09ba0c714f099876b58b11ab",
        "is_verified": false,
        "line_number": 308,
        "is_secret": false
      },
      {
        "type": "Hex High Entropy String",
        "filename": "tests/test_tenant_isolation.py",
        "hashed_secret": "90bd1b48e958257948487b90bee080ba5ed00caa",
        "is_verified": false,
        "line_number": 606,
        "is_secret": false
      }
    ],
    "workflow_automation/tests/test_workflow_actions.py": [
      {
        "type": "Secret Keyword",
        "filename": "workflow_automation/tests/test_workflow_actions.py",
        "hashed_secret": "43b5a7ccc96b402d0fc814b5e03f8e23c2d9d1d8",
        "is_verified": false,
        "line_number": 109,
        "is_secret": false
      }
    ]
  },
  "generated_at": "2026-07-29T00:00:00Z"
}
